SETUP live synthetic owner= 58136 lock= 58136
second-session acquisition rc=0 stdout='lock_rc=1\n' stderr='error: another live firstmate session holds the lock (pid 58136); operate read-only until resolved\n'
nonowner autoarm rc=0 stdout='autoarm_rc=0\n' stderr=''
nonowner stop 1 rc=0 stdout='{"systemMessage":"FIRSTMATE SUPERVISION IS OWNED BY ANOTHER LIVE SESSION: this read-only session cannot and should not arm or repair the watcher (lock owner pid 58136). Allowing this turn to end safely; the owning session must restore supervision."}\n' stderr=''
nonowner stop 2 rc=0 stdout='{"systemMessage":"FIRSTMATE SUPERVISION IS OWNED BY ANOTHER LIVE SESSION: this read-only session cannot and should not arm or repair the watcher (lock owner pid 58136). Allowing this turn to end safely; the owning session must restore supervision."}\n' stderr=''
nonowner stop 3 rc=0 stdout='{"systemMessage":"FIRSTMATE SUPERVISION IS OWNED BY ANOTHER LIVE SESSION: this read-only session cannot and should not arm or repair the watcher (lock owner pid 58136). Allowing this turn to end safely; the owning session must restore supervision."}\n' stderr=''
nonowner stop 4 rc=0 stdout='{"systemMessage":"FIRSTMATE SUPERVISION IS OWNED BY ANOTHER LIVE SESSION: this read-only session cannot and should not arm or repair the watcher (lock owner pid 58136). Allowing this turn to end safely; the owning session must restore supervision."}\n' stderr=''
nonowner stop 5 rc=0 stdout='{"systemMessage":"FIRSTMATE SUPERVISION IS OWNED BY ANOTHER LIVE SESSION: this read-only session cannot and should not arm or repair the watcher (lock owner pid 58136). Allowing this turn to end safely; the owning session must restore supervision."}\n' stderr=''
FIXED repeated non-owner Stops: all five ended safely
fresh-beat-only counterfactual rc=0 stdout='{"systemMessage":"FIRSTMATE SUPERVISION IS OWNED BY ANOTHER LIVE SESSION: this read-only session cannot and should not arm or repair the watcher (lock owner pid 58136). Allowing this turn to end safely; the owning session must restore supervision."}\n' stderr=''
Replacement-owner generated output: firstmate watcher auto-arm FAILED - the Stop-owned automatic supervision mechanism is broken after 2 bounded attempts, and no live watcher with a fresh beacon was verified.
watcher: FAILED - refusing to arm from a disposable validation checkout: /var/folders/8h/4yfy85r12kx3925_ypj5bn5h0000gn/T/fm-turnend-foreign-owner-uzftrvai/nonowner/bin
The supervision host (docs/supervision-host.md) ran these cycles; its last one exited 0 without a wake.
Do not launch a manual background arm from this notice; investigate the automatic Stop hook and watcher startup before ending blind.
replacement_rc=2

Traceback (most recent call last):
  File "<stdin>", line 12, in <module>
  File "<frozen runpy>", line 294, in run_path
  File "<frozen runpy>", line 98, in _run_module_code
  File "<frozen runpy>", line 88, in _run_code
  File "/Users/bryceeppler/.no-mistakes/worktrees/f9efdceed37b/01M3ZKDNV137EY7SB23605R9KP/tests/fm-turnend-foreign-owner-repro.py", line 202, in <module>
    until(
    ~~~~~^
        lambda: (root / "state/.watch.lock/pid").is_file(),
        ^^^^^^^^^^^^^^^^^^^^^^^^^^^^^^^^^^^^^^^^^^^^^^^^^^^
        message="replacement owner did not publish state/.watch.lock/pid",
        ^^^^^^^^^^^^^^^^^^^^^^^^^^^^^^^^^^^^^^^^^^^^^^^^^^^^^^^^^^^^^^^^^^
    )
    ^
  File "/Users/bryceeppler/.no-mistakes/worktrees/f9efdceed37b/01M3ZKDNV137EY7SB23605R9KP/tests/fm-turnend-foreign-owner-repro.py", line 97, in until
    raise RuntimeError(message() if callable(message) else message)
RuntimeError: replacement owner did not publish state/.watch.lock/pid
